// Jest Snapshot v1, https://goo.gl/fbAQLP

exports[`finalMarkdownReport sample 1`] = `
"
# Portfolio


<details><summary><b>Funds status</b></summary>


| Currency |SEED1 | SEED2|
|--|--|--|
| Algorand | ⚠️ | ❌ |
| Avalanche P-Chain | [🙏](https://subnets.avax.network/validators/bc1q4wwuhvp882637t80khxxph6mx5wyfzy7t0j82m) | ✅ |
| Bitcoin | ❌ | [🙏](https://blockstream.info/address/AQXzh2M3TsveC7MSoH94TTHM3q2HM6UAvt) |
| Bitcoin Testnet | ✅ | [🙏](https://live.blockcypher.com/btc-testnet/address/Xkt8DxeCUnB911XsAch34Bwe6qqSBbjE3r) |
| Bitcoin Cash | [🙏](https://blockchair.com/bitcoin-cash/address/AQXzh2M3TsveC7MSoH94TTHM3q2HM6UAvt) | [🙏](https://blockchair.com/bitcoin-cash/address/dgb1qht909kw83mz0gaerewqnv88206wf94legzy7r4) |
| Bitcoin Gold | [🙏](https://btgexplorer.com/address/Xkt8DxeCUnB911XsAch34Bwe6qqSBbjE3r) | ✅ |
| Dash | [🙏](https://explorer.dash.org/insight/address/dgb1qht909kw83mz0gaerewqnv88206wf94legzy7r4) | [🙏](https://explorer.dash.org/insight/address/RWksZkxzcEYoBqC1DM6PrXyKurXRew9EP2) |
| DigiByte | ✅ | [🙏](https://digiexplorer.info/address/ltc1qv29jhv9fgevexgezrds4jrll87sqdnmz2q7ah5) |
| Dogecoin | [🙏](https://dogechain.info/address/RWksZkxzcEYoBqC1DM6PrXyKurXRew9EP2) | [🙏](https://dogechain.info/address/P9xs8oGpD87RUWTvGuHqrzCZu1J6vP6tr2) |
| Komodo | [🙏](https://kmdexplorer.io/address/ltc1qv29jhv9fgevexgezrds4jrll87sqdnmz2q7ah5) | [🙏](https://kmdexplorer.io/address/D7jqj2UpQqWe4EZhwcWDBDcatGjeVFzakr) |
| Litecoin | [🙏](https://live.blockcypher.com/ltc/address/P9xs8oGpD87RUWTvGuHqrzCZu1J6vP6tr2) | [🙏](https://live.blockcypher.com/ltc/address/MFd4ugE9STPXmTGQqqxsfSdhNP5rx1y7we) |
| Peercoin | [🙏](https://blockbook.peercoin.net/address/D7jqj2UpQqWe4EZhwcWDBDcatGjeVFzakr) | [🙏](https://blockbook.peercoin.net/address/3CGsK5NhQWmdsCu5Ryq3thu1ufNYwPoYA3) |
| PivX | [🙏](https://chainz.cryptoid.info/pivx/address.dws?MFd4ugE9STPXmTGQqqxsfSdhNP5rx1y7we.htm) | [🙏](https://chainz.cryptoid.info/pivx/address.dws?EZjc4W42JjgYyGt5YUGV4W2eGYD63vbYtw.htm) |
| Qtum | [🙏](https://explorer.qtum.org/address/3CGsK5NhQWmdsCu5Ryq3thu1ufNYwPoYA3) | ✅ |
| Vertcoin | [🙏](https://vtcblocks.com/address/EZjc4W42JjgYyGt5YUGV4W2eGYD63vbYtw) | [🙏](https://vtcblocks.com/address/zneoegLhr8hh1JS6XaXrD7qGnnxqfcm4bRV) |
| Viacoin | ✅ | [🙏](https://explorer.viacoin.org/address/DsZZvqfbnb2FtHmCzxXTMGXWqDNcrvGn4Ni) |
| Zcash | [🙏](https://chain.so/address/ZEC/zneoegLhr8hh1JS6XaXrD7qGnnxqfcm4bRV) | ❌ |
| Horizen | [🙏](https://explorer.zensystem.io/address/DsZZvqfbnb2FtHmCzxXTMGXWqDNcrvGn4Ni) | [🙏](https://explorer.zensystem.io/address/0x9De2c901184f274d9Ae65B6d4192Ced7Ff5e051C) |
| Decred | ❌ | ✅ |
| Cardano | [🙏](https://cardanoscan.io/address/0x9De2c901184f274d9Ae65B6d4192Ced7Ff5e051C) | [🙏](https://cardanoscan.io/address/osmo13lshcl9qcv63ryc03zpw8lngnvyah2l67slpdr) |
| Celo | [🙏](https://explorer.celo.org/address/cosmos13lshcl9qcv63ryc03zpw8lngnvyah2l6ktv3m3) | [🙏](https://explorer.celo.org/address/cro1nqy7500hrvxeu4wmffq4zr8gwgnff2evevhg40) |
| Cosmos | [🙏](https://www.mintscan.io/cosmos/validators/osmo13lshcl9qcv63ryc03zpw8lngnvyah2l67slpdr) | ✅ |
| Osmosis | [🙏](https://www.mintscan.io/osmosis/validators/cro1nqy7500hrvxeu4wmffq4zr8gwgnff2evevhg40) | [🙏](https://www.mintscan.io/osmosis/validators/0x932E8214E25AceC996aD7d195339AF5139625065) |
| Crypto.org | ✅ | [🙏](https://crypto.org/explorer/account/0x932E8214E25AceC996aD7d195339AF5139625065) |
| MultiversX | [🙏](https://explorer.elrond.com/accounts/0x932E8214E25AceC996aD7d195339AF5139625065) | ✅ |
| Avalanche C-Chain | [🙏](https://cchain.explorer.avax.network/address/0x932E8214E25AceC996aD7d195339AF5139625065) | [🙏](https://cchain.explorer.avax.network/address/0x6999fB16d0bEccB7908A0C133441eC6A50c1deD2) |
| Binance Smart Chain | ✅ | [🙏](https://bscscan.com/address/0x932E8214E25AceC996aD7d195339AF5139625065) |
| Polygon | [🙏](https://polygonscan.com/address/0x6999fB16d0bEccB7908A0C133441eC6A50c1deD2) | [🙏](https://polygonscan.com/address/0x932E8214E25AceC996aD7d195339AF5139625065) |
| Ethereum | [🙏](https://etherscan.io/address/0x932E8214E25AceC996aD7d195339AF5139625065) | [🙏](https://etherscan.io/address/0x932E8214E25AceC996aD7d195339AF5139625065) |
| Ethereum Classic | [🙏](https://blockscout.com/etc/mainnet/address/0x932E8214E25AceC996aD7d195339AF5139625065/transactions) | [🙏](https://blockscout.com/etc/mainnet/address/0x932E8214E25AceC996aD7d195339AF5139625065/transactions) |
| Ethereum Goerli | [🙏](https://goerli.etherscan.io/address/0x932E8214E25AceC996aD7d195339AF5139625065) | [🙏](https://goerli.etherscan.io/address/0x932E8214E25AceC996aD7d195339AF5139625065) |
| Cronos | [🙏](https://cronoscan.com/address/0x932E8214E25AceC996aD7d195339AF5139625065) | [🙏](https://cronoscan.com/address/0x932E8214E25AceC996aD7d195339AF5139625065) |
| Fantom | [🙏](https://ftmscan.com/address/0x932E8214E25AceC996aD7d195339AF5139625065) | [🙏](https://ftmscan.com/address/0x932E8214E25AceC996aD7d195339AF5139625065) |
| Moonbeam | [🙏](https://moonbeam.moonscan.io/address/0x932E8214E25AceC996aD7d195339AF5139625065) | [🙏](https://moonbeam.moonscan.io/address/0x932E8214E25AceC996aD7d195339AF5139625065) |
| Songbird | [🙏](https://songbird-explorer.flare.network/address/0x932E8214E25AceC996aD7d195339AF5139625065/transactions) | ❌ |
| Flare | ❌ | ⚠️ |
| Filecoin | ⚠️ | [🙏](https://filfox.info/en/address/4fa92eaaac5210f1fec2228388f803dbf39428725dadfa025c0df125fcc6788f) |
| Hedera | [🙏](https://hashscan.io/mainnet/account/4fa92eaaac5210f1fec2228388f803dbf39428725dadfa025c0df125fcc6788f) | ❌ |
| NEAR | ❌ | [🙏](https://explorer.near.org/accounts/rnmiQggEzwTHNqwJFpqYGgqt1rM7K5qPhw) |
| XRP | [🙏](https://bithomp.com/explorer/rnmiQggEzwTHNqwJFpqYGgqt1rM7K5qPhw) | [🙏](https://bithomp.com/explorer/8J1jPhJ1beLUJ9BLLZbRLFQtX1UWKrxiVbrvRtiPeEc9) |
| Solana | [🙏](https://explorer.solana.com/address/8J1jPhJ1beLUJ9BLLZbRLFQtX1UWKrxiVbrvRtiPeEc9) | ❌ |
| Stellar | ❌ | ⚠️ |
| Tezos | ✅ | ✅ |
| Tron | ✅ | ? |
| Polkadot | [🙏](https://polkadot.subscan.io/account/SU26L3FCVKVC6BDCOGDDV6QYDS72MB7DCYSF6RVUV6CW45FQI7PC7HKXCQ) | ? |

</details>


<details><summary><b>Balances</b></summary>


| Currency |SEED1 | SEED2| Total |
|--|--|--|--|
| Algorand | 0 ALGO | ❌ |0 ALGO |
| Avalanche P-Chain | 0 AVAX | 0.00059432 AVAX |0.00059432 AVAX |
| Bitcoin | ❌ | 0 BTC |0 BTC |
| Bitcoin Testnet | 0.00594326 𝚝BTC | 0 𝚝BTC |0.00594326 𝚝BTC |
| Bitcoin Cash | 0 BCH | 0 BCH |0 BCH |
| Bitcoin Gold | 0 BTG | 7.47896 BTG |7.47896 BTG |
| Dash | 0 DASH | 0 DASH |0 DASH |
| DigiByte | 7.47896 DGB | 0 DGB |7.47896 DGB |
| Dogecoin | 0 DOGE | 0 DOGE |0 DOGE |
| Komodo | 0 KMD | 0 KMD |0 KMD |
| Litecoin | 0 LTC | 0 LTC |0 LTC |
| Peercoin | 0 PPC | 0 PPC |0 PPC |
| PivX | 0 PIVX | 0 PIVX |0 PIVX |
| Qtum | 0 QTUM | 0.00656479 QTUM |0.00656479 QTUM |
| Vertcoin | 0 VTC | 0 VTC |0 VTC |
| Viacoin | 0.00656479 VIA | 0 VIA |0.00656479 VIA |
| Zcash | 0 ZEC | ❌ |0 ZEC |
| Horizen | 0 ZEN | 0 ZEN |0 ZEN |
| Decred | ❌ | 0.0109641 DCR |0.0109641 DCR |
| Cardano | 0 ADA | 0 ADA |0 ADA |
| Celo | 0 CELO | 0 CELO |0 CELO |
| Cosmos | 0 ATOM | 200,000,000 ATOM |200,000,000 ATOM |
| Osmosis | 0 OSMO | 0 OSMO |0 OSMO |
| Crypto.org | 2,000,000 CRO | 0 CRO |2,000,000 CRO |
| MultiversX | 0 EGLD | 0.026441 EGLD |0.026441 EGLD |
| Avalanche C-Chain | 0 AVAX | 0 AVAX |0 AVAX |
| Binance Smart Chain | 0.026441 BNB | 0 BNB |0.026441 BNB |
| Polygon | 0 MATIC | 0 MATIC |0 MATIC |
| Ethereum | 0 ETH | 0 ETH |0 ETH |
| Ethereum Classic | 0 ETC | 0 ETC |0 ETC |
| Ethereum Goerli | 0 𝚝ETH | 0 𝚝ETH |0 𝚝ETH |
| Cronos | 0 CRO | 0 CRO |0 CRO |
| Fantom | 0 FTM | ❌ |0 FTM |
| Moonbeam | 0 GLMR | 0 GLMR |0 GLMR |
| Songbird | ❌ | 0 SGB |0 SGB |
| Flare | 0 FLR | ❌ |0 FLR |
| Filecoin | 0 FIL | 0 FIL |0 FIL |
| Hedera | ❌ | 0 HBAR |0 HBAR |
| NEAR | 0 NEAR | ❌ |0 NEAR |
| XRP | 0 XRP | 0.206466 XRP |0.206466 XRP |
| Solana | ❌ | 0.0164056 SOL |0.0164056 SOL |
| Stellar | 0.0206466 XLM | ? |0.0206466 XLM |
| Tezos | 16.4056 XTZ | ? |16.4056 XTZ |
| Tron | 0 TRX | ? |0 TRX |
| Polkadot | 0 DOT | ? |0 DOT |

</details>


<details><summary><b>Accounts count</b></summary>


| Currency |SEED1 | SEED2| Total |
|--|--|--|--|
| **Algorand** | 1 | ❌ |1 |
| **Avalanche P-Chain** | 4 | 7 |11 |
| **Bitcoin** family | 39 |60 |99 |
| Bitcoin | ❌ | 2 |2 |
| Bitcoin Testnet | 7 | 1 |8 |
| Bitcoin Cash | 2 | 3 |5 |
| Bitcoin Gold | 1 | 7 |8 |
| Dash | 3 | 1 |4 |
| DigiByte | 7 | 3 |10 |
| Dogecoin | 1 | 1 |2 |
| Komodo | 3 | 1 |4 |
| Litecoin | 1 | 2 |3 |
| Peercoin | 1 | 2 |3 |
| PivX | 2 | 2 |4 |
| Qtum | 2 | 5 |7 |
| Vertcoin | 2 | 1 |3 |
| Viacoin | 5 | 1 |6 |
| Zcash | 1 | ❌ |1 |
| Horizen | 1 | 1 |2 |
| Decred | ❌ | 27 |27 |
| **Cardano** | 1 | 1 |2 |
| **Celo** | 27 | 1 |28 |
| **Cosmos** family | 2 |7 |9 |
| Cosmos | 1 | 6 |7 |
| Osmosis | 1 | 1 |2 |
| **Crypto.org** | 6 | 1 |7 |
| **MultiversX** | 1 | 5 |6 |
| **Ethereum** family | 10 |6 |16 |
| Avalanche C-Chain | 1 | 1 |2 |
| Binance Smart Chain | 5 | 1 |6 |
| Polygon | 1 | 1 |2 |
| Ethereum | 1 | 1 |2 |
| Ethereum Classic | 1 | 1 |2 |
| Ethereum Goerli | 1 | 1 |2 |
| **evm** family | 3 |3 |6 |
| Cronos | 1 | 1 |2 |
| Fantom | 1 | ❌ |1 |
| Moonbeam | 1 | 0 |1 |
| Songbird | ❌ | 2 |2 |
| Flare | 0 | ❌ |0 |
| **Filecoin** | 2 | 1 |3 |
| **Hedera** | ❌ | 1 |1 |
| **NEAR** | 1 | ❌ |1 |
| **XRP** | 1 | 5 |6 |
| **Solana** | ❌ | 8 |8 |
| **Stellar** | 5 | ? |5 |
| **Tezos** | 8 | ? |8 |
| **Tron** | 1 | ? |1 |
| **Polkadot** | 4 | ? |4 |
| **Total** | 116 |106 |222 |

</details>


<details><summary><b>Operations count</b></summary>


| Currency |SEED1 | SEED2| Total |
|--|--|--|--|
| **Algorand** | 0 | ❌ |0 |
| **Avalanche P-Chain** | 0 | 172 |172 |
| **Bitcoin** family | 744 |898 |1642 |
| Bitcoin | ❌ | 0 |0 |
| Bitcoin Testnet | 172 | 0 |172 |
| Bitcoin Cash | 0 | 0 |0 |
| Bitcoin Gold | 0 | 312 |312 |
| Dash | 0 | 0 |0 |
| DigiByte | 312 | 0 |312 |
| Dogecoin | 0 | 0 |0 |
| Komodo | 0 | 0 |0 |
| Litecoin | 0 | 0 |0 |
| Peercoin | 0 | 0 |0 |
| PivX | 0 | 0 |0 |
| Qtum | 0 | 260 |260 |
| Vertcoin | 0 | 0 |0 |
| Viacoin | 260 | 0 |260 |
| Zcash | 0 | ❌ |0 |
| Horizen | 0 | 0 |0 |
| Decred | ❌ | 326 |326 |
| **Cardano** | 0 | 0 |0 |
| **Celo** | 326 | 0 |326 |
| **Cosmos** family | 0 |33 |33 |
| Cosmos | 0 | 33 |33 |
| Osmosis | 0 | 0 |0 |
| **Crypto.org** | 33 | 0 |33 |
| **MultiversX** | 0 | 50 |50 |
| **Ethereum** family | 50 |0 |50 |
| Avalanche C-Chain | 0 | 0 |0 |
| Binance Smart Chain | 50 | 0 |50 |
| Polygon | 0 | 0 |0 |
| Ethereum | 0 | 0 |0 |
| Ethereum Classic | 0 | 0 |0 |
| Ethereum Goerli | 0 | 0 |0 |
| **evm** family | 0 |0 |0 |
| Cronos | 0 | 0 |0 |
| Fantom | 0 | ❌ |0 |
| Moonbeam | 0 | 0 |0 |
| Songbird | ❌ | 0 |0 |
| Flare | 0 | ❌ |0 |
| **Filecoin** | 0 | 0 |0 |
| **Hedera** | ❌ | 0 |0 |
| **NEAR** | 0 | ❌ |0 |
| **XRP** | 0 | 48 |48 |
| **Solana** | ❌ | 205 |205 |
| **Stellar** | 48 | ? |48 |
| **Tezos** | 205 | ? |205 |
| **Tron** | 0 | ? |0 |
| **Polkadot** | 0 | ? |0 |
| **Total** | 1406 |1406 |2812 |

</details>


# Performance


<details><summary><b>Sync Times</b></summary>


| Currency |SEED1 | SEED2| Total |
|--|--|--|--|
| **Algorand** | 4.68s | ❌ | |
| **Avalanche P-Chain** | 31s | 550s |581s |
| **Bitcoin** family |  | | |
| Bitcoin | ❌ | 25s | |
| Bitcoin Testnet | 550s | 17s |567s |
| Bitcoin Cash | 25s | 22s |47s |
| Bitcoin Gold | 17s | 120s |137s |
| Dash | 22s | 7.01s |29s |
| DigiByte | 120s | 124s |244s |
| Dogecoin | 7.01s | 8.39s |15s |
| Komodo | 124s | 3.48s |127s |
| Litecoin | 8.39s | 23s |32s |
| Peercoin | 3.48s | 30s |34s |
| PivX | 23s | 13s |36s |
| Qtum | 30s | 317s |347s |
| Vertcoin | 13s | 31s |44s |
| Viacoin | 317s | 91s |408s |
| Zcash | 31s | ❌ | |
| Horizen | 91s | 8.28s |100s |
| Decred | ❌ | 171s | |
| **Cardano** | 8.28s | 7.35s |16s |
| **Celo** | 171s | 11s |181s |
| **Cosmos** family | 18s |62s |80s |
| Cosmos | 7.35s | 24s |31s |
| Osmosis | 11s | 38s |49s |
| **Crypto.org** | 24s | 11s |35s |
| **MultiversX** | 38s | 102s |141s |
| **Ethereum** family | 164s |52s |216s |
| Avalanche C-Chain | 11s | 31s |42s |
| Binance Smart Chain | 102s | 16s |118s |
| Polygon | 31s | 1.78s |33s |
| Ethereum | 16s | 1.09s |17s |
| Ethereum Classic | 1.78s | 1.20s |2.98s |
| Ethereum Goerli | 1.09s | 0.93s |2.02s |
| **evm** family |  | | |
| Cronos | 1.20s | 0.98s |2.17s |
| Fantom | 0.93s | ❌ | |
| Moonbeam | 0.98s | 0.69s |1.67s |
| Songbird | ❌ | 15s | |
| Flare | 0.69s | ❌ | |
| **Filecoin** | 15s | 0.53s |15s |
| **Hedera** | ❌ | 22s | |
| **NEAR** | 0.53s | ❌ | |
| **XRP** | 22s | 14s |36s |
| **Solana** | ❌ | 175s | |
| **Stellar** | 14s | ? |14s |
| **Tezos** | 175s | ? |175s |
| **Tron** | 4.68s | ? |4.68s |
| **Polkadot** | 31s | ? |31s |
| **Total** |  | | |

</details>


<details><summary><b>HTTP Calls Count</b></summary>


| Currency |SEED1 | SEED2| Total |
|--|--|--|--|
| **Algorand** | 0 | ❌ |0 |
| **Avalanche P-Chain** | 0 | 0 |0 |
| **Bitcoin** family | 0 |0 |0 |
| Bitcoin | ❌ | 0 |0 |
| Bitcoin Testnet | 0 | 0 |0 |
| Bitcoin Cash | 0 | 0 |0 |
| Bitcoin Gold | 0 | 0 |0 |
| Dash | 0 | 0 |0 |
| DigiByte | 0 | 0 |0 |
| Dogecoin | 0 | 0 |0 |
| Komodo | 0 | 0 |0 |
| Litecoin | 0 | 0 |0 |
| Peercoin | 0 | 0 |0 |
| PivX | 0 | 0 |0 |
| Qtum | 0 | 0 |0 |
| Vertcoin | 0 | 0 |0 |
| Viacoin | 0 | 0 |0 |
| Zcash | 0 | ❌ |0 |
| Horizen | 0 | 0 |0 |
| Decred | ❌ | 0 |0 |
| **Cardano** | 0 | 0 |0 |
| **Celo** | 0 | 0 |0 |
| **Cosmos** family | 0 |0 |0 |
| Cosmos | 0 | 0 |0 |
| Osmosis | 0 | 0 |0 |
| **Crypto.org** | 0 | 0 |0 |
| **MultiversX** | 0 | 0 |0 |
| **Ethereum** family | 0 |0 |0 |
| Avalanche C-Chain | 0 | 0 |0 |
| Binance Smart Chain | 0 | 0 |0 |
| Polygon | 0 | 0 |0 |
| Ethereum | 0 | 0 |0 |
| Ethereum Classic | 0 | 0 |0 |
| Ethereum Goerli | 0 | 0 |0 |
| **evm** family | 0 |0 |0 |
| Cronos | 0 | 0 |0 |
| Fantom | 0 | ❌ |0 |
| Moonbeam | 0 | 0 |0 |
| Songbird | ❌ | 0 |0 |
| Flare | 0 | ❌ |0 |
| **Filecoin** | 0 | 0 |0 |
| **Hedera** | ❌ | 0 |0 |
| **NEAR** | 0 | ❌ |0 |
| **XRP** | 0 | 0 |0 |
| **Solana** | ❌ | 0 |0 |
| **Stellar** | 0 | ? |0 |
| **Tezos** | 0 | ? |0 |
| **Tron** | 0 | ? |0 |
| **Polkadot** | 0 | ? |0 |
| **Total** | 0 |0 |0 |

</details>


<details><summary><b>HTTP Bandwidth</b></summary>


| Currency |SEED1 | SEED2| Total |
|--|--|--|--|
| **Algorand** |  | ❌ | |
| **Avalanche P-Chain** |  |  | |
| **Bitcoin** family |  | | |
| Bitcoin | ❌ |  | |
| Bitcoin Testnet |  |  | |
| Bitcoin Cash |  |  | |
| Bitcoin Gold |  |  | |
| Dash |  |  | |
| DigiByte |  |  | |
| Dogecoin |  |  | |
| Komodo |  |  | |
| Litecoin |  |  | |
| Peercoin |  |  | |
| PivX |  |  | |
| Qtum |  |  | |
| Vertcoin |  |  | |
| Viacoin |  |  | |
| Zcash |  | ❌ | |
| Horizen |  |  | |
| Decred | ❌ |  | |
| **Cardano** |  |  | |
| **Celo** |  |  | |
| **Cosmos** family |  | | |
| Cosmos |  |  | |
| Osmosis |  |  | |
| **Crypto.org** |  |  | |
| **MultiversX** |  |  | |
| **Ethereum** family |  | | |
| Avalanche C-Chain |  |  | |
| Binance Smart Chain |  |  | |
| Polygon |  |  | |
| Ethereum |  |  | |
| Ethereum Classic |  |  | |
| Ethereum Goerli |  |  | |
| **evm** family |  | | |
| Cronos |  |  | |
| Fantom |  | ❌ | |
| Moonbeam |  |  | |
| Songbird | ❌ |  | |
| Flare |  | ❌ | |
| **Filecoin** |  |  | |
| **Hedera** | ❌ |  | |
| **NEAR** |  | ❌ | |
| **XRP** |  |  | |
| **Solana** | ❌ |  | |
| **Stellar** |  | ? | |
| **Tezos** |  | ? | |
| **Tron** |  | ? | |
| **Polkadot** |  | ? | |
| **Total** |  | | |

</details>


<details><summary><b>Duplicate HTTP Calls</b></summary>


| Currency |SEED1 | SEED2| Total |
|--|--|--|--|
| **Algorand** | 0 | ❌ |0 |
| **Avalanche P-Chain** | 0 | 0 |0 |
| **Bitcoin** family | 0 |0 |0 |
| Bitcoin | ❌ | 0 |0 |
| Bitcoin Testnet | 0 | 0 |0 |
| Bitcoin Cash | 0 | 0 |0 |
| Bitcoin Gold | 0 | 0 |0 |
| Dash | 0 | 0 |0 |
| DigiByte | 0 | 0 |0 |
| Dogecoin | 0 | 0 |0 |
| Komodo | 0 | 0 |0 |
| Litecoin | 0 | 0 |0 |
| Peercoin | 0 | 0 |0 |
| PivX | 0 | 0 |0 |
| Qtum | 0 | 0 |0 |
| Vertcoin | 0 | 0 |0 |
| Viacoin | 0 | 0 |0 |
| Zcash | 0 | ❌ |0 |
| Horizen | 0 | 0 |0 |
| Decred | ❌ | 0 |0 |
| **Cardano** | 0 | 0 |0 |
| **Celo** | 0 | 0 |0 |
| **Cosmos** family | 0 |0 |0 |
| Cosmos | 0 | 0 |0 |
| Osmosis | 0 | 0 |0 |
| **Crypto.org** | 0 | 0 |0 |
| **MultiversX** | 0 | 0 |0 |
| **Ethereum** family | 0 |0 |0 |
| Avalanche C-Chain | 0 | 0 |0 |
| Binance Smart Chain | 0 | 0 |0 |
| Polygon | 0 | 0 |0 |
| Ethereum | 0 | 0 |0 |
| Ethereum Classic | 0 | 0 |0 |
| Ethereum Goerli | 0 | 0 |0 |
| **evm** family | 0 |0 |0 |
| Cronos | 0 | 0 |0 |
| Fantom | 0 | ❌ |0 |
| Moonbeam | 0 | 0 |0 |
| Songbird | ❌ | 0 |0 |
| Flare | 0 | ❌ |0 |
| **Filecoin** | 0 | 0 |0 |
| **Hedera** | ❌ | 0 |0 |
| **NEAR** | 0 | ❌ |0 |
| **XRP** | 0 | 0 |0 |
| **Solana** | ❌ | 0 |0 |
| **Stellar** | 0 | ? |0 |
| **Tezos** | 0 | ? |0 |
| **Tron** | 0 | ? |0 |
| **Polkadot** | 0 | ? |0 |
| **Total** | 0 |0 |0 |

</details>


<details><summary><b>Accounts Data Size</b></summary>


| Currency |SEED1 | SEED2| Total |
|--|--|--|--|
| **Algorand** |  | ❌ | |
| **Avalanche P-Chain** |  |  | |
| **Bitcoin** family |  | | |
| Bitcoin | ❌ |  | |
| Bitcoin Testnet |  |  | |
| Bitcoin Cash |  |  | |
| Bitcoin Gold |  | 827kb | |
| Dash |  |  | |
| DigiByte | 827kb |  | |
| Dogecoin |  |  | |
| Komodo |  |  | |
| Litecoin |  |  | |
| Peercoin |  |  | |
| PivX |  |  | |
| Qtum |  |  | |
| Vertcoin |  |  | |
| Viacoin |  |  | |
| Zcash |  | ❌ | |
| Horizen |  |  | |
| Decred | ❌ |  | |
| **Cardano** |  |  | |
| **Celo** |  |  | |
| **Cosmos** family |  | | |
| Cosmos |  |  | |
| Osmosis |  |  | |
| **Crypto.org** |  |  | |
| **MultiversX** |  |  | |
| **Ethereum** family |  | | |
| Avalanche C-Chain |  |  | |
| Binance Smart Chain |  |  | |
| Polygon |  |  | |
| Ethereum |  |  | |
| Ethereum Classic |  |  | |
| Ethereum Goerli |  |  | |
| **evm** family |  | | |
| Cronos |  |  | |
| Fantom |  | ❌ | |
| Moonbeam |  |  | |
| Songbird | ❌ |  | |
| Flare |  | ❌ | |
| **Filecoin** |  |  | |
| **Hedera** | ❌ |  | |
| **NEAR** |  | ❌ | |
| **XRP** |  |  | |
| **Solana** | ❌ |  | |
| **Stellar** |  | ? | |
| **Tezos** |  | ? | |
| **Tron** |  | ? | |
| **Polkadot** |  | ? | |
| **Total** |  | | |

</details>


<details><summary><b>Currency Preloaded Data Size</b></summary>


| Currency |SEED1 | SEED2| Total |
|--|--|--|--|
| **Algorand** |  | ❌ | |
| **Avalanche P-Chain** |  |  | |
| **Bitcoin** family |  | | |
| Bitcoin | ❌ |  | |
| Bitcoin Testnet |  |  | |
| Bitcoin Cash |  |  | |
| Bitcoin Gold |  | 0kb | |
| Dash |  |  | |
| DigiByte | 0kb |  | |
| Dogecoin |  |  | |
| Komodo |  |  | |
| Litecoin |  |  | |
| Peercoin |  |  | |
| PivX |  |  | |
| Qtum |  |  | |
| Vertcoin |  |  | |
| Viacoin |  |  | |
| Zcash |  | ❌ | |
| Horizen |  |  | |
| Decred | ❌ |  | |
| **Cardano** |  |  | |
| **Celo** |  |  | |
| **Cosmos** family |  | | |
| Cosmos |  |  | |
| Osmosis |  |  | |
| **Crypto.org** |  |  | |
| **MultiversX** |  |  | |
| **Ethereum** family |  | | |
| Avalanche C-Chain |  |  | |
| Binance Smart Chain |  |  | |
| Polygon |  |  | |
| Ethereum |  |  | |
| Ethereum Classic |  |  | |
| Ethereum Goerli |  |  | |
| **evm** family |  | | |
| Cronos |  |  | |
| Fantom |  | ❌ | |
| Moonbeam |  |  | |
| Songbird | ❌ |  | |
| Flare |  | ❌ | |
| **Filecoin** |  |  | |
| **Hedera** | ❌ |  | |
| **NEAR** |  | ❌ | |
| **XRP** |  |  | |
| **Solana** | ❌ |  | |
| **Stellar** |  | ? | |
| **Tezos** |  | ? | |
| **Tron** |  | ? | |
| **Polkadot** |  | ? | |
| **Total** |  | | |

</details>


<details><summary><b>CPU user time</b></summary>


| Currency |SEED1 | SEED2| Total |
|--|--|--|--|
| **Algorand** | 0.04s | ❌ | |
| **Avalanche P-Chain** | 1.14s | 2.67s |3.82s |
| **Bitcoin** family |  | | |
| Bitcoin | ❌ | 1.14s | |
| Bitcoin Testnet | 2.67s | 0.16s |2.84s |
| Bitcoin Cash | 1.14s | 0.51s |1.65s |
| Bitcoin Gold | 0.16s | 3.34s |3.50s |
| Dash | 0.51s | 0.15s |0.66s |
| DigiByte | 3.34s | 1.16s |4.50s |
| Dogecoin | 0.15s | 0.15s |0.30s |
| Komodo | 1.16s | 0.14s |1.30s |
| Litecoin | 0.15s | 0.76s |0.91s |
| Peercoin | 0.14s | 1.06s |1.20s |
| PivX | 0.76s | 0.20s |0.96s |
| Qtum | 1.06s | 1.84s |2.90s |
| Vertcoin | 0.20s | 0.99s |1.19s |
| Viacoin | 1.84s | 0.98s |2.83s |
| Zcash | 0.99s | ❌ | |
| Horizen | 0.98s | 0.11s |1.09s |
| Decred | ❌ | 2.05s | |
| **Cardano** | 0.11s | 0.08s |0.19s |
| **Celo** | 2.05s | 0.09s |2.13s |
| **Cosmos** family | 0.16s |1.85s |2.01s |
| Cosmos | 0.08s | 0.94s |1.01s |
| Osmosis | 0.09s | 0.91s |1.00s |
| **Crypto.org** | 0.94s | 0.17s |1.11s |
| **MultiversX** | 0.91s | 1.68s |2.59s |
| **Ethereum** family | 3.18s |1.49s |4.67s |
| Avalanche C-Chain | 0.17s | 1.00s |1.17s |
| Binance Smart Chain | 1.68s | 0.17s |1.85s |
| Polygon | 1.00s | 0.09s |1.09s |
| Ethereum | 0.17s | 0.07s |0.25s |
| Ethereum Classic | 0.09s | 0.08s |0.17s |
| Ethereum Goerli | 0.07s | 0.07s |0.15s |
| **evm** family |  | | |
| Cronos | 0.08s | 0.08s |0.16s |
| Fantom | 0.07s | ❌ | |
| Moonbeam | 0.08s | 0.04s |0.11s |
| Songbird | ❌ | 0.44s | |
| Flare | 0.04s | ❌ | |
| **Filecoin** | 0.44s | 0.04s |0.48s |
| **Hedera** | ❌ | 0.37s | |
| **NEAR** | 0.04s | ❌ | |
| **XRP** | 0.37s | 0.15s |0.52s |
| **Solana** | ❌ | 4.20s | |
| **Stellar** | 0.15s | ? |0.15s |
| **Tezos** | 4.20s | ? |4.20s |
| **Tron** | 0.04s | ? |0.04s |
| **Polkadot** | 1.14s | ? |1.14s |
| **Total** |  | | |

</details>


<details><summary><b>Memory RSS</b></summary>


| Currency |SEED1 | SEED2|
|--|--|--|
| Algorand | 279mb | ❌ |
| Avalanche P-Chain | 226mb | 223mb |
| Bitcoin | ❌ | 224mb |
| Bitcoin Testnet | 223mb | 279mb |
| Bitcoin Cash | 224mb | 230mb |
| Bitcoin Gold | 279mb | 241mb |
| Dash | 230mb | 271mb |
| DigiByte | 241mb | 182mb |
| Dogecoin | 271mb | 273mb |
| Komodo | 182mb | 279mb |
| Litecoin | 273mb | 224mb |
| Peercoin | 279mb | 224mb |
| PivX | 224mb | 269mb |
| Qtum | 224mb | 231mb |
| Vertcoin | 269mb | 224mb |
| Viacoin | 231mb | 222mb |
| Zcash | 224mb | ❌ |
| Horizen | 222mb | 278mb |
| Decred | ❌ | 224mb |
| Cardano | 278mb | 265mb |
| Celo | 224mb | 262mb |
| Cosmos | 265mb | 223mb |
| Osmosis | 262mb | 222mb |
| Crypto.org | 223mb | 262mb |
| MultiversX | 222mb | 232mb |
| Avalanche C-Chain | 262mb | 222mb |
| Binance Smart Chain | 232mb | 260mb |
| Polygon | 222mb | 277mb |
| Ethereum | 260mb | 271mb |
| Ethereum Classic | 277mb | 262mb |
| Ethereum Goerli | 271mb | 272mb |
| Cronos | 262mb | 276mb |
| Fantom | 272mb | ❌ |
| Moonbeam | 276mb | 277mb |
| Songbird | ❌ | 257mb |
| Flare | 277mb | ❌ |
| Filecoin | 257mb | 269mb |
| Hedera | ❌ | 288mb |
| NEAR | 269mb | ❌ |
| XRP | 288mb | 265mb |
| Solana | ❌ | 239mb |
| Stellar | 265mb | ? |
| Tezos | 239mb | ? |
| Tron | 279mb | ? |
| Polkadot | 226mb | ? |

</details>


<details><summary><b>JS Boot Time</b></summary>


| Currency |SEED1 | SEED2|
|--|--|--|
| Algorand |  | ❌ |
| Avalanche P-Chain |  |  |
| Bitcoin | ❌ |  |
| Bitcoin Testnet |  |  |
| Bitcoin Cash |  |  |
| Bitcoin Gold |  |  |
| Dash |  |  |
| DigiByte |  |  |
| Dogecoin |  |  |
| Komodo |  |  |
| Litecoin |  |  |
| Peercoin |  |  |
| PivX |  |  |
| Qtum |  |  |
| Vertcoin |  |  |
| Viacoin |  |  |
| Zcash |  | ❌ |
| Horizen |  |  |
| Decred | ❌ |  |
| Cardano |  |  |
| Celo |  |  |
| Cosmos |  |  |
| Osmosis |  |  |
| Crypto.org |  |  |
| MultiversX |  |  |
| Avalanche C-Chain |  |  |
| Binance Smart Chain |  |  |
| Polygon |  |  |
| Ethereum |  |  |
| Ethereum Classic |  |  |
| Ethereum Goerli |  |  |
| Cronos |  |  |
| Fantom |  | ❌ |
| Moonbeam |  |  |
| Songbird | ❌ |  |
| Flare |  | ❌ |
| Filecoin |  |  |
| Hedera | ❌ |  |
| NEAR |  | ❌ |
| XRP |  |  |
| Solana | ❌ |  |
| Stellar |  | ? |
| Tezos |  | ? |
| Tron |  | ? |
| Polkadot |  | ? |

</details>


<details><summary><b>JS Slow Frames</b></summary>


| Currency |SEED1 | SEED2| Total |
|--|--|--|--|
| **Algorand** |  | ❌ |✅ |
| **Avalanche P-Chain** |  |  |✅ |
| **Bitcoin** family | ✅ |✅ |✅ |
| Bitcoin | ❌ |  |✅ |
| Bitcoin Testnet |  |  |✅ |
| Bitcoin Cash |  |  |✅ |
| Bitcoin Gold |  |  |✅ |
| Dash |  |  |✅ |
| DigiByte |  |  |✅ |
| Dogecoin |  |  |✅ |
| Komodo |  |  |✅ |
| Litecoin |  |  |✅ |
| Peercoin |  |  |✅ |
| PivX |  |  |✅ |
| Qtum |  |  |✅ |
| Vertcoin |  |  |✅ |
| Viacoin |  |  |✅ |
| Zcash |  | ❌ |✅ |
| Horizen |  |  |✅ |
| Decred | ❌ |  |✅ |
| **Cardano** |  |  |✅ |
| **Celo** |  |  |✅ |
| **Cosmos** family | ✅ |✅ |✅ |
| Cosmos |  |  |✅ |
| Osmosis |  |  |✅ |
| **Crypto.org** |  |  |✅ |
| **MultiversX** |  |  |✅ |
| **Ethereum** family | ✅ |✅ |✅ |
| Avalanche C-Chain |  |  |✅ |
| Binance Smart Chain |  |  |✅ |
| Polygon |  |  |✅ |
| Ethereum |  |  |✅ |
| Ethereum Classic |  |  |✅ |
| Ethereum Goerli |  |  |✅ |
| **evm** family | ✅ |✅ |✅ |
| Cronos |  |  |✅ |
| Fantom |  | ❌ |✅ |
| Moonbeam |  |  |✅ |
| Songbird | ❌ |  |✅ |
| Flare |  | ❌ |✅ |
| **Filecoin** |  |  |✅ |
| **Hedera** | ❌ |  |✅ |
| **NEAR** |  | ❌ |✅ |
| **XRP** |  |  |✅ |
| **Solana** | ❌ |  |✅ |
| **Stellar** |  | ? |✅ |
| **Tezos** |  | ? |✅ |
| **Tron** |  | ? |✅ |
| **Polkadot** |  | ? |✅ |
| **Total** | ✅ |✅ |✅ |

</details>



# Errors
- SEED2: Algorand: Error: scan accounts timeout for currency Bitcoin Testnet
- SEED1: Bitcoin: Error: scan accounts timeout for currency Bitcoin Testnet
- SEED1: Decred: DeviceVersionUnsupported: Device app version 6.0.1 unsupported, recommended version is 5.0.
- SEED2: Fantom: LedgerAPI5xx: API HTTP 503
- SEED2: Flare: Error: no app found for Polkadot. Are you sure your COINAPPS is up to date?
- SEED1: Hedera: Error: no app found for Polkadot. Are you sure your COINAPPS is up to date?
- SEED2: NEAR: TypeError: Cannot read properties of undefined (reading 'length')
- SEED1: Solana: TypeError: Cannot read properties of undefined (reading 'length')
- SEED1: Songbird: LedgerAPI5xx: API HTTP 503
- SEED2: ZCash: DeviceVersionUnsupported: Device app version 6.0.1 unsupported, recommended version is 5.0."
`;
